[diadam.de/index.html]
[backblue.gif]
[fade.gif]
[index.html]
[diadam.de/wp-content/themes/diadam/dist/images/favicon.ico]
[diadam.de/feed/index.html]
[diadam.de/wp-includes/css/dist/block-library/style.min03e2.css]
[diadam.de/wp-content/plugins/contact-form-7/includes/css/styles38c6.css]
[diadam.de/wp-content/themes/diadam/style03e2.css]
[diadam.de/wp-content/cache/borlabs-cookie/borlabs-cookie_1_de5818.css]
[diadam.de/wp-includes/js/jquery/jquery4a5f.js]
[diadam.de/wp-includes/js/jquery/jquery-migrate.min330a.js]
[diadam.de/xmlrpc0db0.php]
[diadam.de/wp-json/index.html]
[diadam.de/wp-includes/wlwmanifest.xml]
[diadam.de/wp-json/oembed/1.0/embedc533.json]
[diadam.de/wp-json/oembed/1.0/embeddd61]
[diadam.de/wp-content/uploads/2016/10/Startseite_headerbild_diadam_verlauf_2-3.jpg]
[diadam.de/wp-content/themes/diadam/dist/images/logo_home.svg]
[diadam.de/wp-content/themes/diadam/dist/images/logo.svg]
[diadam.de/wp-content/uploads/2016/10/diadam-diamantwerkzeuge_startseite_sortiment_740x948px.jpg]
[diadam.de/produktion/index.html]
[diadam.de/diamantwerkzeuge/index.html]
[diadam.de/beratung/index.html]
[diadam.de/wp-content/uploads/2016/10/diadam-diamantwerkzeuge-startseite-sortiment_1440x810px.jpg]
[diadam.de/wp-content/themes/diadam/dist/images/next-arrow.png]
[diadam.de/referenzen/index.html]
[diadam.de/service/index.html]
[diadam.de/wp-content/themes/diadam/dist/images/linien.png]
[diadam.de/wp-content/uploads/2016/10/diadamt-diamantwerkzeuge_startseite-beratung_740x948px.jpg]
[diadam.de/wp-content/uploads/2016/10/diadam-diamantwerkzeuge-startseite_beratung_1440x810px.jpg]
[diadam.de/wp-content/uploads/2016/10/diadam-diamantwerkzeuge_startseite-herstellung_740x948px.jpg]
[diadam.de/wp-content/uploads/2016/10/diadam-diamantwerkzeuge-startseite-herstellung_1440x810px.jpg]
[diadam.de/wp-content/uploads/2016/10/diadam-diamantwerkzeuge_startseite_menschundmaschine.jpg]
[diadam.de/wp-content/uploads/2016/10/Wartung@2x.png]
[diadam.de/wp-content/themes/diadam/dist/images/next-arrow-black.png]
[diadam.de/wp-content/uploads/2016/10/Referenzen@2x.png]
[diadam.de/wp-content/themes/diadam/dist/images/diadam-diamantwerkzeuge-landingpage-login-icon.svg]
[diadam.de/kontakt/index.html]
[diadam.de/wp-content/plugins/contact-form-7/includes/js/scripts38c6.js]
[diadam.de/agb/index.html]
[diadam.de/diamantwerkzeuge/schleifwalzen/index.html]
[diadam.de/impressum/index.html]
[diadam.de/wp-content/themes/diadam/dist/scripts/theme.min.js]
[diadam.de/datenschutz/index.html]
[diadam.de/wp-includes/js/wp-embed.min03e2.js]
[diadam.de/diamantwerkzeuge/fraesringe-planziegel/index.html]
[diadam.de/wp-content/plugins/borlabs-cookie/javascript/borlabs-cookie.min202b.js]
[diadam.de/index.html]
[diadam.de/wp-includes/css/dist/block-library/style.min03e2.css]
[diadam.de/wp-content/plugins/contact-form-7/images/ajax-loader.gif]
[diadam.de/wp-content/plugins/contact-form-7/includes/css/styles38c6.css]
[diadam.de/wp-content/themes/diadam/fonts/glyphicons-halflings-regular.eot]
[diadam.de/wp-content/themes/diadam/fonts/glyphicons-halflings-regulard41d.eot]
[diadam.de/wp-content/themes/diadam/fonts/glyphicons-halflings-regular.woff2]
[diadam.de/wp-content/themes/diadam/fonts/glyphicons-halflings-regular.woff]
[diadam.de/wp-content/themes/diadam/fonts/glyphicons-halflings-regular.ttf]
[diadam.de/wp-content/themes/diadam/fonts/glyphicons-halflings-regular.svg]
[diadam.de/wp-content/themes/diadam/grabbing.png]
[diadam.de/wp-content/themes/diadam/AjaxLoader.gif]
[diadam.de/wp-content/themes/diadam/dist/images/pdf-icon.png]
[diadam.de/wp-content/themes/diadam/dist/images/border-image.png]
[diadam.de/wp-content/themes/diadam/style03e2.css]
[diadam.de/wp-content/cache/borlabs-cookie/borlabs-cookie_1_de5818.css]
[diadam.de/wp-content/themes/diadam/dist/images/logo_home.svg]
[diadam.de/wp-content/themes/diadam/dist/images/logo.svg]
[diadam.de/wp-json/oembed/1.0/embed33f5.json]
[diadam.de/wp-json/oembed/1.0/embeda288]
[diadam.de/wp-content/themes/diadam/dist/images/prev.svg]
[diadam.de/wp-content/themes/diadam/dist/images/next.svg]
[diadam.de/wp-content/uploads/2016/11/diadam_diamantwerkzeuge_icon_saegen.svg]
[diadam.de/wp-content/uploads/2016/11/diadam_diamantwerkzeuge_icon_bohren-2.svg]
[diadam.de/wp-content/uploads/2016/11/diadam_diamantwerkzeuge_icon_schleifen-1.svg]
[diadam.de/werkzeug/saegen/index.html]
[diadam.de/wp-content/uploads/2016/10/diadam_diamantwerkzeuge_icon_fraesen.svg]
[diadam.de/diamantwerkzeuge/index.html]
[diadam.de/werkzeug/bohren/index.html]
[diadam.de/werkzeug/schleifen/index.html]
[diadam.de/werkzeug/fraesen/index.html]
[diadam.de/wp-json/oembed/1.0/embed76ab.json]
[diadam.de/wp-json/oembed/1.0/embed8396]
[diadam.de/produktion/index.html]
[diadam.de/wp-json/oembed/1.0/embed0655.json]
[diadam.de/wp-json/oembed/1.0/embed3fdc]
[diadam.de/beratung/index.html]
[diadam.de/wp-json/oembed/1.0/embedbc6b.json]
[diadam.de/wp-json/oembed/1.0/embedd5f9]
[diadam.de/service/index.html]
[diadam.de/wp-json/oembed/1.0/embed86db.json]
[diadam.de/wp-json/oembed/1.0/embedeeb1]
[diadam.de/wp-content/uploads/2016/10/K1024_IMG_1162-e1485164017666.jpg]
[diadam.de/wp-content/uploads/2016/10/K1024_IMG_1162-e1485164017666-324x250.jpg]
[diadam.de/wp-content/uploads/2016/10/K640_IMG_0392.jpg]
[diadam.de/wp-content/uploads/2016/10/K640_IMG_0392-362x250.jpg]
[diadam.de/wp-content/uploads/2016/10/K1024_walze_fräser.jpg]
[diadam.de/wp-content/uploads/2016/10/K1024_walze_fräser-326x250.jpg]
[diadam.de/wp-content/uploads/2016/10/Walze-D50.jpg]
[diadam.de/wp-content/uploads/2016/10/Walze-D50-333x250.jpg]
[diadam.de/wp-content/uploads/2016/10/K1024_Walzen-freigestellt.jpg]
[diadam.de/wp-content/uploads/2016/10/K1024_Walzen-freigestellt-333x250.jpg]
[diadam.de/wp-content/uploads/2016/10/K1024_P1000625.jpg]
[diadam.de/wp-content/uploads/2016/10/K1024_P1000625-333x250.jpg]
[diadam.de/wp-content/uploads/2016/10/K1024_Bohrer-dreifach-freigestellt.jpg]
[diadam.de/wp-content/uploads/2016/10/K1024_Bohrer-dreifach-freigestellt-333x250.jpg]
[diadam.de/wp-content/uploads/2016/10/K1024_Bohrer-Stufe-freigestellt.jpg]
[diadam.de/wp-content/uploads/2016/10/K1024_Bohrer-Stufe-freigestellt-333x250.jpg]
[diadam.de/wp-content/uploads/2016/10/K640_Fräsring-freigestellt-neu.jpg]
[diadam.de/wp-content/uploads/2016/10/K640_Fräsring-freigestellt-neu-353x250.jpg]
[diadam.de/wp-content/uploads/2016/10/K1024_FF-freigestellt.jpg]
[diadam.de/wp-content/uploads/2016/10/K1024_FF-freigestellt-333x250.jpg]
[diadam.de/wp-content/uploads/2016/10/K1024_Senker-Galvanik.jpg]
[diadam.de/wp-content/uploads/2016/10/K1024_Senker-Galvanik-333x250.jpg]
[diadam.de/wp-content/uploads/2016/10/K1024_P1020620.jpg]
[diadam.de/wp-content/uploads/2016/10/K1024_P1020620-201x250.jpg]
[diadam.de/wp-content/uploads/2016/10/K1024_Schleifteller-freigestellt-neu.jpg]
[diadam.de/wp-content/uploads/2016/10/K1024_Schleifteller-freigestellt-neu-358x250.jpg]
[diadam.de/wp-content/uploads/2016/10/K640_Schleifteller-100-elastisch-freigestellt.jpg]
[diadam.de/wp-content/uploads/2016/10/K640_Schleifteller-100-elastisch-freigestellt-333x250.jpg]
[diadam.de/wp-content/uploads/2016/10/K640_Profilfräser-CNC-1.jpg]
[diadam.de/wp-content/uploads/2016/10/K640_Profilfräser-CNC-1-306x250.jpg]
[diadam.de/referenzen/index.html]
[diadam.de/wp-json/oembed/1.0/embedfee4.json]
[diadam.de/kontakt/index.html]
[diadam.de/wp-content/themes/diadam/dist/images/diadam-diamantwerkzeuge-landingpage-login-icon.svg]
[diadam.de/wp-json/oembed/1.0/embedf4e6]
[diadam.de/wp-json/oembed/1.0/embedf4ab.json]
[diadam.de/wp-json/oembed/1.0/embedd5fb]
[diadam.de/impressum/index.html]
[diadam.de/wp-json/oembed/1.0/embed1ce7.json]
[diadam.de/wp-json/oembed/1.0/embede299]
[diadam.de/datenschutz/index.html]
[diadam.de/wp-json/oembed/1.0/embed4b24.json]
[diadam.de/wp-json/oembed/1.0/embed3b67]
[diadam.de/agb/index.html]
[diadam.de/wp-json/oembed/1.0/embed01ac.json]
[diadam.de/wp-json/oembed/1.0/embedd941]
[diadam.de/wp-content/themes/diadam/dist/images/diadam-diamantwerkzeuge-landingpage-trenner-icon.jpg]
[diadam.de/wp-content/uploads/2020/05/diadam-diamantschleifwalzen-verschiedene-staerken-walze-gruen.jpg]
[diadam.de/wp-content/uploads/2020/05/diadam-diamantschleifwalzen-verschiedene-staerken-walze-gruen-955x716.jpg]
[diadam.de/wp-content/uploads/2020/05/diadam-diamantschleifwalzen-verschiedene-staerken-walze-gruen-735x551.jpg]
[diadam.de/wp-content/uploads/2020/05/diadam-diamantschleifwalzen-cnc-maschinen-und-handgefuehrt-verschiedene-formen.jpg]
[diadam.de/wp-content/uploads/2020/05/diadam-diamantschleifwalzen-cnc-maschinen-und-handgefuehrt-verschiedene-formen-955x716.jpg]
[diadam.de/wp-content/uploads/2020/05/diadam-diamantschleifwalzen-cnc-maschinen-und-handgefuehrt-verschiedene-formen-735x551.jpg]
[diadam.de/wp-content/uploads/2020/05/diadam-diamantschleifwalzen-schleifen-polieren-naturstein-buerste-grau-gelb.jpg]
[diadam.de/wp-content/uploads/2020/05/diadam-diamantschleifwalzen-schleifen-polieren-naturstein-buerste-grau-gelb-955x716.jpg]
[diadam.de/wp-content/uploads/2020/05/diadam-diamantschleifwalzen-schleifen-polieren-naturstein-buerste-grau-gelb-735x551.jpg]
[diadam.de/wp-content/uploads/2019/05/schleifwalzen-diadam-diamantwerkzeuge-oberflaeche-struktur.jpg]
[diadam.de/wp-content/themes/diadam/dist/images/diadam-diamantwerkzeuge-landingpage-pfeil-icon.svg]
[diadam.de/wp-content/uploads/2016/10/Wartung-1.svg]
[diadam.de/diamantwerkzeuge/schleifwalzen/index.html]
[diadam.de/wp-json/oembed/1.0/embedfd43.json]
[diadam.de/wp-json/oembed/1.0/embed35fb]
[diadam.de/wp-content/uploads/2020/06/diadam-diamantfraesringe-planziegel-fraesring-grau-nahaufnahme-auf-stahl-oberflaeche.jpg]
[diadam.de/wp-content/uploads/2020/06/diadam-diamantfraesringe-planziegel-fraesring-grau-nahaufnahme-auf-stahl-oberflaeche-955x716.jpg]
[diadam.de/wp-content/uploads/2020/06/diadam-diamantfraesringe-planziegel-fraesring-grau-nahaufnahme-auf-stahl-oberflaeche-735x551.jpg]
[diadam.de/wp-content/uploads/2020/06/diadam-diamantfraesringe-planziegel-drei-fraesringe-ausfuehrung-nach-spezifikation-2.jpg]
[diadam.de/wp-content/uploads/2020/06/diadam-diamantfraesringe-planziegel-drei-fraesringe-ausfuehrung-nach-spezifikation-2-955x716.jpg]
[diadam.de/wp-content/uploads/2020/06/diadam-diamantfraesringe-planziegel-drei-fraesringe-ausfuehrung-nach-spezifikation-2-735x551.jpg]
[diadam.de/wp-content/uploads/2020/06/diadam-diamantfraesringe-planziegel-fraesringe-drei-groessen-ineinander.jpg]
[diadam.de/wp-content/uploads/2020/06/diadam-diamantfraesringe-planziegel-fraesringe-drei-groessen-ineinander-955x716.jpg]
[diadam.de/wp-content/uploads/2020/06/diadam-diamantfraesringe-planziegel-fraesringe-drei-groessen-ineinander-735x551.jpg]
[diadam.de/wp-content/uploads/2020/06/diadam-diamantfraesringe-planziegel-schleifring-loeten.jpg]
[diadam.de/wp-content/uploads/2016/10/Wartung.svg]
[diadam.de/diamantwerkzeuge/fraesringe-planziegel/index.html]
[diadam.de/wp-content/themes/diadam/fonts/glyphicons-halflings-regular.html]
[diadam.de/wp-content/themes/diadam/fonts/glyphicons-halflings-regulard41d.html]
[diadam.de/wp-content/themes/diadam/fonts/glyphicons-halflings-regular-2.html]
[diadam.de/wp-content/themes/diadam/fonts/glyphicons-halflings-regular-3.html]
[diadam.de/wp-content/themes/diadam/fonts/glyphicons-halflings-regular-4.html]
[diadam.de/wp-content/themes/diadam/fonts/glyphicons-halflings-regular-5.html]
[diadam.de/wp-content/themes/diadam/grabbing.html]
[diadam.de/wp-content/themes/diadam/AjaxLoader.html]
[diadam.de/index3965.html]
[diadam.de/wp-content/themes/diadam/dist/images/prev.svg]
[diadam.de/wp-content/themes/diadam/dist/images/next.svg]
[diadam.de/wp-content/uploads/2016/11/diadam_diamantwerkzeuge_icon_saegen.svg]
[diadam.de/wp-json/oembed/1.0/embed9fac.json]
[diadam.de/wp-json/oembed/1.0/embed767d]
[diadam.de/wp-content/uploads/2016/11/Trennscheibe-10mm-Granit-Brückensäge-oP.pdf]
[diadam.de/wp-content/uploads/2016/11/Trennscheibe-10mm-Marmor-Tisch-Brückensäge.pdf]
[diadam.de/wp-content/uploads/2016/11/Trennscheibe-10mm-Sandstein-Brückensäge.pdf]
[diadam.de/wp-content/uploads/2016/11/Trennscheibe-10mm-Feinsteinzeug-Keramik-Tisch-Brückensäge.pdf]
[diadam.de/wp-content/uploads/2016/11/K640_Neues-Bild-1-377x250.jpg]
[diadam.de/wp-content/uploads/2016/11/Trennscheibe-20mm-Granit-Brückensäge-oP.pdf]
[diadam.de/wp-content/uploads/2016/11/Trennscheibe-Granit-EZS-o.P.-1.pdf]
[diadam.de/wp-content/uploads/2016/11/EZS-333x250.jpg]
[diadam.de/wp-content/uploads/2016/11/Baustellensäge-Tischsäge.pdf]
[diadam.de/wp-content/uploads/2016/11/Trennscheibe-Feinsteinzeug-Tischsäge.pdf]
[diadam.de/wp-content/uploads/2016/11/Preisliste-BAU-Trennscheibe-Bau-uni-10mm-o.P..pdf]
[diadam.de/wp-content/uploads/2016/11/BAU-Trennscheiben-Steintrennmaschine-o.P..pdf]
[diadam.de/wp-content/uploads/2016/11/Bau-Trennscheiben-Fugenschneider-Beton-UND-Asphalt-laser-o.P..pdf]
[diadam.de/wp-content/uploads/2016/11/Baustellensäge-307x250.jpg]
[diadam.de/wp-content/uploads/2016/11/Trockenschnitt-Laser-Turbo.pdf]
[diadam.de/wp-content/uploads/2016/11/K640_P1000483-333x250.jpg]
[diadam.de/wp-content/uploads/2016/11/trockenschnitt-Silberpfeil-1-o.P..pdf]
[diadam.de/wp-content/uploads/2016/11/trockenschnitt-Silberpfeil-2-o.P..pdf]
[diadam.de/wp-content/uploads/2016/11/trockenschnitt-Silberpfeil-´SUPEC´-10mm-Universal-o.P..pdf]
[diadam.de/wp-content/uploads/2016/11/trockenschnitt-Silberpfeil-ÙMBRA-o.P..pdf]
[diadam.de/wp-content/uploads/2016/11/Trockenschnitt-Silberpfeil-5-neu.pdf]
[diadam.de/wp-content/uploads/2016/11/Trennscheibe-Trockenschnitt-Silberpfeil-5-Neu-Lärmschutz-Granit-o.P..pdf]
[diadam.de/wp-content/uploads/2016/11/Trockenschnittscheiben-galv.Marmor-10997-o.P..pdf]
[diadam.de/wp-content/uploads/2016/11/K640_P1000521-333x250.jpg]
[diadam.de/wp-content/uploads/2016/11/Trockenschnitt-geschl-Rand-Tiger.pdf]
[diadam.de/wp-content/uploads/2016/11/Trennscheibe-Trockenschnitt-Silberpfeil-MU-Schruppscheibe-Granit-o.P..pdf]
[diadam.de/wp-content/uploads/2016/11/trockenschnitt-Konkav-Turbo-Granit-o.P..pdf]
[diadam.de/wp-content/uploads/2016/11/K640_P1000473-333x250.jpg]
[diadam.de/wp-content/uploads/2016/11/trockenschnitt-CD-TR-dünn-Fliesen-oP.pdf]
[diadam.de/wp-content/uploads/2018/08/CDTR-freigestellt-270x250.png]
[diadam.de/wp-content/uploads/2016/11/Preisliste-Naßschnittscheiben-geschl.-Rand-CRB-10985-o.P.-1.pdf]
[diadam.de/wp-content/uploads/2016/11/CRB-Super-333x250.png]
[diadam.de/wp-content/uploads/2016/11/Preisliste-Seil-Granit-o.P.-1.pdf]
[diadam.de/wp-content/uploads/2016/11/Preisliste-Seil-Marmor-o.P.-1.pdf]
[diadam.de/wp-content/uploads/2016/11/Preisliste-Seil-Sandstein-o.P.-1.pdf]
[diadam.de/wp-content/uploads/2016/11/Preisliste-Seil-Kalkstein-o.P.-1.pdf]
[diadam.de/wp-content/uploads/2016/11/Seil-267x250.jpg]
[diadam.de/wp-content/uploads/2016/11/Preisliste-Stichsägeblätter-13000-o.P.-1.pdf]
[diadam.de/wp-content/uploads/2016/11/Stichsäge-270x250.png]
[diadam.de/werkzeug/saegen/index.html]
[diadam.de/wp-content/uploads/2016/11/diadam_diamantwerkzeuge_icon_bohren-2.svg]
[diadam.de/wp-json/oembed/1.0/embed44ea.json]
[diadam.de/wp-json/oembed/1.0/embed2412]
[diadam.de/wp-content/uploads/2016/11/Bohrkronen-Holbohrkronen-Ringbelag-o.P.-2.pdf]
[diadam.de/wp-content/uploads/2016/11/K640_IMG_3487_1-276x250.jpg]
[diadam.de/wp-content/uploads/2016/11/bohrkronen-hohlbohrkronen-segmentiert-Naturstein-o.P..pdf]
[diadam.de/wp-content/uploads/2016/11/BAU-Bohrkronen-Holbohrkronen-Segmenete-Beton-11205.pdf]
[diadam.de/wp-content/uploads/2016/11/BAU-Bohrkronen-Holbohrkronen-Segmenete-Beton-11205-2.pdf]
[diadam.de/wp-content/uploads/2018/09/bohrkronen-hohlbohrkronen-Ofenbau-Segmente-Bau-Uni-o.P..pdf]
[diadam.de/wp-content/uploads/2016/11/K640_DSC00199-e1484823645718-325x250.jpg]
[diadam.de/wp-content/uploads/2016/11/Bohrkronen-dünnlippig-CNC-o.P..pdf]
[diadam.de/wp-content/uploads/2016/11/CNC-Bohrer-242x250.jpg]
[diadam.de/wp-content/uploads/2016/11/Preisliste-Vollbohrer-11300-o.P..pdf]
[diadam.de/wp-content/uploads/2016/11/Vollbohrer-194x250.jpg]
[diadam.de/wp-content/uploads/2016/11/Trockenbohrer-Vakuumgelötet-M14-o.P.-1.pdf]
[diadam.de/wp-content/uploads/2016/11/Trockenhohlbohrer-308x250.jpg]
[diadam.de/wp-content/uploads/2016/11/Preisliste-Wasserbohrfutter-o.P.pdf]
[diadam.de/wp-content/uploads/2016/11/wasserbohrfutter.jpg]
[diadam.de/wp-content/uploads/2016/11/Preisliste-Wasserbohrfutter-gross-o.P..pdf]
[diadam.de/wp-content/uploads/2016/11/gross-188x250.jpg]
[diadam.de/wp-content/uploads/2016/11/Preisliste-Verlängerung-Bohrkronen-o.P.-1.pdf]
[diadam.de/wp-content/uploads/2016/11/Verlängerungen-385x224.jpg]
[diadam.de/werkzeug/bohren/index.html]
[diadam.de/wp-content/uploads/2016/11/diadam_diamantwerkzeuge_icon_schleifen-1.svg]
[diadam.de/wp-json/oembed/1.0/embede64b.json]
[diadam.de/wp-json/oembed/1.0/embeda371]
[diadam.de/wp-content/uploads/2016/11/Walzen-D106-Länge-160200240.pdf]
[diadam.de/wp-content/uploads/2016/11/Walzen-D80-Länge-160200240-01082018.pdf]
[diadam.de/wp-content/uploads/2016/11/Walzen-D52-Länge-160mm-o.P.-1.pdf]
[diadam.de/wp-content/uploads/2016/11/Walze52.png]
[diadam.de/wp-content/uploads/2020/11/Walzen-D80-Länge-120mm.pdf]
[diadam.de/wp-content/uploads/2016/11/Walzen-D80-Länge-80mm-ohne-Preise.pdf]
[diadam.de/wp-content/uploads/2016/11/Bürstenwalzen-D150-Länge-200-o.P.-1.pdf]
[diadam.de/wp-content/uploads/2016/11/Bürstenwalzen-D150_200Lang-341x250.jpg]
[diadam.de/wp-content/uploads/2016/11/Rundbürsten-D100-M14_SF-o.P.-1.pdf]
[diadam.de/wp-content/uploads/2016/11/Rundbürsten-385x246.jpg]
[diadam.de/wp-content/uploads/2016/11/Schleifwalzen-Aufnahmedorne-2.pdf]
[diadam.de/wp-content/uploads/2016/11/Aufnahmedorne-190x250.jpg]
[diadam.de/wp-content/uploads/2016/11/Schleifteller-D100mm-Fase-geschwungen_auslaufend.pdf]
[diadam.de/wp-content/uploads/2016/11/Schleifteller-geschwungene-Fase-362x250.jpg]
[diadam.de/wp-content/uploads/2016/11/Schleifscheiben-Klett-D100-RE-Pad-.pdf]
[diadam.de/wp-content/uploads/2016/11/K640_DSC02484-e1485512520878-271x250.jpg]
[diadam.de/wp-content/uploads/2016/11/Preisliste-Schleifscheiben-Klett-TRO-PAD-D100-o.P.-1.pdf]
[diadam.de/wp-content/uploads/2016/11/Recopad-334x250.jpg]
[diadam.de/wp-content/uploads/2016/11/Preisliste-Schleifscheiben-Klett-DIA-HGBUFF-D100-o.P..pdf]
[diadam.de/wp-content/uploads/2016/11/Polierer-385x136.jpg]
[diadam.de/wp-content/uploads/2016/11/Schleifscheiben-Klett-D100-Trocken-DPTRON.pdf]
[diadam.de/wp-content/uploads/2016/11/K640_HS-100-DP-TRON-300x250.jpg]
[diadam.de/wp-content/uploads/2016/11/Preisliste-Schleifteller-D150-ab-1.7.2013-OHNE-EF-bei-4-7.doc-o.P..pdf]
[diadam.de/wp-content/uploads/2016/11/DSC01226-376x250.jpg]
[diadam.de/wp-content/uploads/2016/11/Preisliste-Schleifscheiben-STAFI-D150D128-o.P..pdf]
[diadam.de/wp-content/uploads/2016/11/STAFI-SL-264x250.jpg]
[diadam.de/wp-content/uploads/2016/11/STAFICO-234x250.png]
[diadam.de/wp-content/uploads/2016/11/Preisliste-Schleifscheiben-STAFI-12350-o.P..pdf]
[diadam.de/wp-content/uploads/2016/11/Schleifscheiben-STAFI-D150D128-bis-5cm-für-CNC-Maschine-o.P.-1.pdf]
[diadam.de/wp-content/uploads/2016/11/STAFI-CNC.png]
[diadam.de/wp-content/uploads/2016/11/Preisliste-Werkzeuge-Fase-SFA-o.P..pdf]
[diadam.de/wp-content/uploads/2016/11/dünne-Platten-376x250.jpg]
[diadam.de/wp-content/uploads/2016/11/Preisliste-Schleifteller-D100-Kante-SFPSFA-n.P.-1.pdf]
[diadam.de/wp-content/uploads/2016/11/Kante-376x250.jpg]
[diadam.de/wp-content/uploads/2016/11/Maschinenteller.png]
[diadam.de/wp-content/uploads/2016/11/Schleifteller-D200-400mm-12175-o.P.-1.pdf]
[diadam.de/wp-content/uploads/2016/11/Handschleifteller-D100D125-o.P..pdf]
[diadam.de/wp-content/uploads/2016/11/Handschleifteller.png]
[diadam.de/wp-content/uploads/2016/11/Preisliste-Handschleifteller-TURBOSTA-D100-o.P..pdf]
[diadam.de/wp-content/uploads/2016/11/Turbosta-265x250.jpg]
[diadam.de/wp-content/uploads/2016/11/Schleifteller-Bloc-Aufnahme-D125-o.P.-1.pdf]
[diadam.de/wp-content/uploads/2016/11/Bloc.jpg]
[diadam.de/wp-content/uploads/2016/11/Preisliste-Schleifteller-Fase-D125mm-180406-o.P..pdf]
[diadam.de/wp-content/uploads/2016/11/Löffler.jpg]
[diadam.de/wp-content/uploads/2016/11/Preisliste-Schleifwerkzeuge-Frankfurter-Schuh-o.P..pdf]
[diadam.de/wp-content/uploads/2016/11/Frankfurt-258x250.jpg]
[diadam.de/wp-content/uploads/2016/11/Preisliste-Schleifpellets-D20-12155-o.P..pdf]
[diadam.de/wp-content/uploads/2016/11/Pellet-198x250.png]
[diadam.de/wp-content/uploads/2016/11/Preisliste-Wackelköpfe-o.P..pdf]
[diadam.de/wp-content/uploads/2016/11/Wackelkopf-333x250.jpg]
[diadam.de/wp-content/uploads/2016/11/Schleifdreicke-Klett-12675-o.P..pdf]
[diadam.de/wp-content/uploads/2016/11/dreiecke.png]
[diadam.de/wp-content/uploads/2016/11/Handschleifteller-doppelreihig-D100-180mm-o.P..pdf]
[diadam.de/wp-content/uploads/2016/11/Topf-Gold-336x250.jpg]
[diadam.de/wp-content/uploads/2016/11/Topf-Grau-333x250.jpg]
[diadam.de/wp-content/uploads/2016/11/Diamant-Topfschleifscheiben-D125-o.P..pdf]
[diadam.de/wp-content/uploads/2016/11/Topf-Gelb.jpg]
[diadam.de/wp-content/uploads/2016/11/Preisliste-Schleifscheiben-Hilti-WB-D150-o.P..pdf]
[diadam.de/wp-content/uploads/2016/11/Topf-hilti-265x250.jpg]
[diadam.de/werkzeug/schleifen/index.html]
[diadam.de/wp-content/uploads/2016/10/diadam_diamantwerkzeuge_icon_fraesen.svg]
[diadam.de/wp-json/oembed/1.0/embed3df1.json]
[diadam.de/wp-json/oembed/1.0/embed6b42]
[diadam.de/wp-content/uploads/2016/10/Diamant-Umfangfräser-o.P..pdf]
[diadam.de/wp-content/uploads/2016/10/K640_P1030263-333x250.jpg]
[diadam.de/wp-content/uploads/2016/10/Flächenfräser-div.-Durchmesser-Hartgestein.pdf]
[diadam.de/wp-content/uploads/2016/10/Tropfflächenfräser-D88-blau-333x250.jpg]
[diadam.de/wp-content/uploads/2016/10/Flächenfräser-div.-Durchmesser-Weichgestein-o.P.-1.pdf]
[diadam.de/wp-content/uploads/2016/10/Weichgestein-385x250.png]
[diadam.de/wp-content/uploads/2016/10/Diamant-Flächen_Topffräser-Aufnahme-1.pdf]
[diadam.de/wp-content/uploads/2016/10/Diamant-Flächen_Topffräser-Aufnahme-256x250.jpg]
[diadam.de/wp-content/uploads/2016/10/Fingerfräser-Absenkfräser-mit-Parameter-o.P.-1.pdf]
[diadam.de/wp-content/uploads/2016/10/Absenkfräser-333x250.png]
[diadam.de/wp-content/uploads/2016/10/Fingerfräser-Aufnahme-für-Absenkfräser-div-längen-o.P..pdf]
[diadam.de/wp-content/uploads/2016/10/Fräser-Aufnahme.jpg]
[diadam.de/wp-content/uploads/2016/10/Diamant-Fingerfräser-Ø22mm-o.P.-1.pdf]
[diadam.de/wp-content/uploads/2016/10/Fingerfräser-22mm-333x250.jpg]
[diadam.de/wp-content/uploads/2016/10/Preisliste-WRF-o.P.-1.pdf]
[diadam.de/wp-content/uploads/2016/10/WRF-333x250.jpg]
[diadam.de/wp-content/uploads/2016/10/Diamant-Frässcheiben-o.P.-1.pdf]
[diadam.de/wp-content/uploads/2016/10/Frässcheibe.png]
[diadam.de/wp-content/uploads/2016/10/Diamant-Absenkfräser-kleine-Durchmesser-o.P.-1.pdf]
[diadam.de/wp-content/uploads/2016/10/kleine-Durchmesser-333x250.jpg]
[diadam.de/wp-content/uploads/2016/10/Diamant-Fingerfräser-Marmor-galv-Belegt-o.P-1.pdf]
[diadam.de/wp-content/uploads/2016/10/Fräser-galv-Marmor-e1542014699977.png]
[diadam.de/wp-content/uploads/2016/10/Diamant-Profilfräser-für-Ornamentbearbeitung-o.P.-1.pdf]
[diadam.de/wp-content/uploads/2016/10/Ornament.jpg]
[diadam.de/wp-content/uploads/2016/10/Diamant-Profilfräserspitze-Sandstein-austauschbar-o.P.-1.pdf]
[diadam.de/wp-content/uploads/2016/10/Spitze-Sandstein-333x250.jpg]
[diadam.de/wp-content/uploads/2016/10/Beckenwerkzeug-CNC-o.P.-1.pdf]
[diadam.de/wp-content/uploads/2016/10/Beckenwerkzeug1-290x250.jpg]
[diadam.de/wp-content/uploads/2016/10/Diamant-Gravierwerkzeuge-CNC-o.P.-1.pdf]
[diadam.de/wp-content/uploads/2016/10/Gravierstichel-376x250.jpg]
[diadam.de/wp-content/uploads/2016/10/Diamant-Fingerfräser-CNC-o.P.-1.pdf]
[diadam.de/wp-content/uploads/2016/10/Finger-CNC.jpg]
[diadam.de/wp-content/uploads/2016/10/Diamant-Frässtifte-Bildhauerwerkzeuge-Alle-Formen-o.P.-1.pdf]
[diadam.de/wp-content/uploads/2016/10/Gravierstifte.jpg]
[diadam.de/werkzeug/fraesen/index.html]
[diadam.de/index970c.html]
[diadam.de/index40a0.html]
[diadam.de/index1c4a.html]
[diadam.de/index9cd7.html]
[diadam.de/indexee5b.html]
[diadam.de/index913e.html]
[diadam.de/index8b4e.html]
[diadam.de/indexd519.html]
[diadam.de/index6028.html]
[diadam.de/wp-content/themes/diadam/dist/images/diadam-diamantwerkzeuge-landingpage-pfeil-icon.svg]
[diadam.de/wp-content/uploads/2016/10/Wartung-1.svg]
[diadam.de/indexce64.html]
[diadam.de/wp-content/uploads/2016/10/Wartung.svg]
[diadam.de/index55e4.html]
[diadam.de/index287b.html]
[diadam.de/index44d0.html]
[diadam.de/index2dc4.html]
